Listing 'app'...
Listing 'app/api'...
Listing 'app/api/routes'...
Listing 'app/core'...
Listing 'app/models'...
Listing 'app/schemas'...
Listing 'app/services'...
Listing 'app/workers'...
